// Jest Snapshot v1, https://goo.gl/fbAQLP

exports[`App renders correctly 1`] = `
<div
  className="App"
>
  <h1>
    My Github Profile
  </h1>
  <h2>
    Megha Bodke
  </h2>
  <img
    alt="Profile"
    src="https://avatars.githubusercontent.com/u/13938070?v=4"
  />
  <p>
    Software engineer | Full-stack developer | Stack:HTML | CSS | JavaScript | React | Redux | Ruby | Ruby on Rails. Open For New Job Opportunities.
  </p>
  <small>
    Public Repositories:62
  </small>
</div>
`;
